Microchip MPLAB XC8 Compiler V2.10 ()

Linker command line:

-W-3 --edf=C:\Program Files (x86)\Microchip\xc8\v2.10\pic\dat\en_msgs.txt \
  -cs -h+dist/default/production\FrenteMA.X.production.sym \
  --cmf=dist/default/production\FrenteMA.X.production.cmf -z -Q18F46K22 \
  -oC:\Users\marko\AppData\Local\Temp\s818.2 --defsym=__MPLAB_BUILD=1 \
  -Mdist/default/production/FrenteMA.X.production.map -E1 -ver=XC8 \
  --acfsm=1493 -ASTACK=023Bh-0F37h -pstack=STACK -ACODE=00h-0FFFFh \
  -ACONST=00h-0FFFFh -ASMALLCONST=01000h-010FFhx240 \
  -AMEDIUMCONST=01000h-0FFFFh -ACOMRAM=01h-05Fh -AABS1=00h-0F37h \
  -ABIGRAM=01h-0F37h -ARAM=060h-0FFh,0100h-01FFhx14,0F00h-0F37h \
  -ABANK0=060h-0FFh -ABANK1=0100h-01FFh -ABANK2=0200h-02FFh \
  -ABANK3=0300h-03FFh -ABANK4=0400h-04FFh -ABANK5=0500h-05FFh \
  -ABANK6=0600h-06FFh -ABANK7=0700h-07FFh -ABANK8=0800h-08FFh \
  -ABANK9=0900h-09FFh -ABANK10=0A00h-0AFFh -ABANK11=0B00h-0BFFh \
  -ABANK12=0C00h-0CFFh -ABANK13=0D00h-0DFFh -ABANK14=0E00h-0EFFh \
  -ABANK15=0F00h-0F37h -ASFR=0F38h-0F5Fh,0F60h-0FFFh \
  -preset_vec=00h,intcode,intcodelo=018h,powerup,init -pramtop=01000h \
  -psmallconst=SMALLCONST -pmediumconst=MEDIUMCONST -pconst=CONST \
  -AFARRAM=00h-00h -ACONFIG=0300000h-030000Dh -pconfig=CONFIG \
  -AIDLOC=0200000h-0200007h -pidloc=IDLOC -AEEDATA=0F00000h-0F003FFh \
  -peeprom_data=EEDATA \
  -prdata=COMRAM,nvrram=COMRAM,nvbit=COMRAM,rbss=COMRAM,rbit=COMRAM \
  -pfarbss=FARRAM,fardata=FARRAM,nvFARRAM=FARRAM \
  -pintsave_regs=BIGRAM,bigbss=BIGRAM,bigdata=BIGRAM -pbss=RAM \
  -pidata=CODE,irdata=CODE,ibigdata=CODE,ifardata=CODE -prparam=COMRAM \
  C:\Users\marko\AppData\Local\Temp\s818.o \
  dist/default/production\FrenteMA.X.production.o 

Object code version is 3.11

Machine type is 18F46K22

Call graph: (short form)




                Name                               Link     Load   Length Selector   Space Scale
C:\Users\marko\AppData\Local\Temp\s818.o
                init                                 C6       C6        4        C       0
                reset_vec                             0        0        4        0       0
                idloc                            200000   200000        8   200000       0
                config                           300000   300000        E   300000       0
dist/default/production\FrenteMA.X.production.o
                intcodelo                            18       18       AE        C       0
                temp                                  F        F        1        1       1
                mediumconst                        FC42     FC42      3BE     7E21       0
                text110                            50A2     50A2      154        C       0
                text109                            5F32     5F32       50        C       0
                text108                            665A     665A       26        C       0
                text107                            6130     6130       46        C       0
                text106                            635E     635E       3A        C       0
                text105                            5DD8     5DD8       5C        C       0
                text104                            66C0     66C0       20        C       0
                text103                            5C4A     5C4A       6A        C       0
                text102                            672E     672E       1A        C       0
                text101                            6440     6440       38        C       0
                text100                            5986     5986       86        C       0
                text99                             5BDE     5BDE       6C        C       0
                text98                             6714     6714       1A        C       0
                text97                             5F82     5F82       4C        C       0
                text96                             6408     6408       38        C       0
                text95                             64AE     64AE       36        C       0
                text94                             6632     6632       28        C       0
                text93                             6324     6324       3A        C       0
                text92                             5EDE     5EDE       54        C       0
                text91                             435C     435C      1A0        C       0
                text90                             4B14     4B14      16E        C       0
                text89                             24D4     24D4      35E        C       0
                text88                             67AA     67AA        E        C       0
                text87                             53CE     53CE       D8        C       0
                text86                             679C     679C        E        C       0
                text85                             4814     4814      18A        C       0
                text84                             4DE8     4DE8      166        C       0
                text83                             61FA     61FA       42        C       0
                text82                             6802     6802        2        C       0
                text81                             5868     5868       98        C       0
                text80                             60EA     60EA       46        C       0
                text79                             62EA     62EA       3A        C       0
                text78                             5644     5644       CA        C       0
                text77                             2B38     2B38      306        C       0
                text76                             52E2     52E2       EC        C       0
                text75                             3130     3130      2F2        C       0
                text74                             5D18     5D18       64        C       0
                text73                             6568     6568       2A        C       0
                text72                              742      742      676        C       0
                text71                             20D2     20D2      402        C       0
                text70                             660A     660A       28        C       0
                text69                             12FA     12FA      542        C       0
                text68                             3E10     3E10      1EC        C       0
                text67                             3422     3422      2D8        C       0
                text66                             3FFC     3FFC      1B8        C       0
                text65                             3BF0     3BF0      220        C       0
                text64                             183C     183C      494        C       0
                text63                             6512     6512       2C        C       0
                text62                             67F8     67F8        6        C       0
                text61                             6800     6800        2        C       0
                text60                             67F2     67F2        6        C       0
                text59                             570E     570E       C2        C       0
                text58                             61B8     61B8       42        C       0
                text56                             5A8C     5A8C       78        C       0
                text55                             67E0     67E0        A        C       0
                text54                             67D6     67D6        A        C       0
                text53                             67CC     67CC        A        C       0
                text52                             67C2     67C2        A        C       0
                text51                             67B8     67B8        A        C       0
                text50                             5A0C     5A0C       80        C       0
                text49                             675E     675E       14        C       0
                text48                             67EA     67EA        8        C       0
                text47                             678E     678E        E        C       0
                text46                             60A4     60A4       46        C       0
                text45                             6748     6748       16        C       0
                text44                             4F4E     4F4E      154        C       0
                text43                             5E34     5E34       56        C       0
                text42                             65E2     65E2       28        C       0
                text41                             605E     605E       46        C       0
                text40                             62B0     62B0       3A        C       0
                text39                             5D7C     5D7C       5C        C       0
                text38                             66A0     66A0       20        C       0
                text37                             5B04     5B04       6E        C       0
                text36                             66FA     66FA       1A        C       0
                text35                             63D0     63D0       38        C       0
                text34                             5900     5900       86        C       0
                text33                             5B72     5B72       6C        C       0
                text32                             66E0     66E0       1A        C       0
                text31                             5FCE     5FCE       4A        C       0
                text30                             6398     6398       38        C       0
                text29                             6478     6478       36        C       0
                text28                             65BA     65BA       28        C       0
                text27                             6276     6276       3A        C       0
                text26                             5E8A     5E8A       54        C       0
                text25                             44FC     44FC      18E        C       0
                text24                             499E     499E      176        C       0
                text23                             6780     6780        E        C       0
                text22                             54A6     54A6       D4        C       0
                text21                             6772     6772        E        C       0
                text20                             468A     468A      18A        C       0
                text19                             4C82     4C82      166        C       0
                text18                             6176     6176       42        C       0
                text17                             67FE     67FE        2        C       0
                text16                             57D0     57D0       98        C       0
                text15                             6018     6018       46        C       0
                text14                             623C     623C       3A        C       0
                text13                             557A     557A       CA        C       0
                text12                             2832     2832      306        C       0
                text11                             51F6     51F6       EC        C       0
                text10                             2E3E     2E3E      2F2        C       0
                text9                              5CB4     5CB4       64        C       0
                text8                              653E     653E       2A        C       0
                text7                                CA       CA      678        C       0
                text6                              1CD0     1CD0      402        C       0
                text5                              6592     6592       28        C       0
                text4                               DB8      DB8      542        C       0
                text3                              36FA     36FA      2D6        C       0
                text2                              41B4     41B4      1A8        C       0
                text1                              39D0     39D0      220        C       0
                text0                              6680     6680       20        C       0
                cstackCOMRAM                          1        1        8        1       1
                cstackBANK0                          9E       9E       29       60       1
                cstackBANK1                         163      163       3A      100       1
                cstackBANK2                         200      200       3B      200       1
                bssBANK1                            100      100       63      100       1
                bssBANK0                             60       60       3E       60       1
                bssCOMRAM                             9        9        6        1       1
                cinit                              64E4     64E4       2E        C       0
                nvBANK1                             19D      19D        A      100       1
                nvBANK0                              C7       C7        1       60       1

TOTAL           Name                               Link     Load   Length     Space
        CLASS   STACK          

        CLASS   CODE           
                intcodelo                            18       18       AE         0
                init                                 C6       C6        4         0
                reset_vec                             0        0        4         0
                text110                            50A2     50A2      154         0
                text109                            5F32     5F32       50         0
                text108                            665A     665A       26         0
                text107                            6130     6130       46         0
                text106                            635E     635E       3A         0
                text105                            5DD8     5DD8       5C         0
                text104                            66C0     66C0       20         0
                text103                            5C4A     5C4A       6A         0
                text102                            672E     672E       1A         0
                text101                            6440     6440       38         0
                text100                            5986     5986       86         0
                text99                             5BDE     5BDE       6C         0
                text98                             6714     6714       1A         0
                text97                             5F82     5F82       4C         0
                text96                             6408     6408       38         0
                text95                             64AE     64AE       36         0
                text94                             6632     6632       28         0
                text93                             6324     6324       3A         0
                text92                             5EDE     5EDE       54         0
                text91                             435C     435C      1A0         0
                text90                             4B14     4B14      16E         0
                text89                             24D4     24D4      35E         0
                text88                             67AA     67AA        E         0
                text87                             53CE     53CE       D8         0
                text86                             679C     679C        E         0
                text85                             4814     4814      18A         0
                text84                             4DE8     4DE8      166         0
                text83                             61FA     61FA       42         0
                text82                             6802     6802        2         0
                text81                             5868     5868       98         0
                text80                             60EA     60EA       46         0
                text79                             62EA     62EA       3A         0
                text78                             5644     5644       CA         0
                text77                             2B38     2B38      306         0
                text76                             52E2     52E2       EC         0
                text75                             3130     3130      2F2         0
                text74                             5D18     5D18       64         0
                text73                             6568     6568       2A         0
                text72                              742      742      676         0
                text71                             20D2     20D2      402         0
                text70                             660A     660A       28         0
                text69                             12FA     12FA      542         0
                text68                             3E10     3E10      1EC         0
                text67                             3422     3422      2D8         0
                text66                             3FFC     3FFC      1B8         0
                text65                             3BF0     3BF0      220         0
                text64                             183C     183C      494         0
                text63                             6512     6512       2C         0
                text62                             67F8     67F8        6         0
                text61                             6800     6800        2         0
                text60                             67F2     67F2        6         0
                text59                             570E     570E       C2         0
                text58                             61B8     61B8       42         0
                text56                             5A8C     5A8C       78         0
                text55                             67E0     67E0        A         0
                text54                             67D6     67D6        A         0
                text53                             67CC     67CC        A         0
                text52                             67C2     67C2        A         0
                text51                             67B8     67B8        A         0
                text50                             5A0C     5A0C       80         0
                text49                             675E     675E       14         0
                text48                             67EA     67EA        8         0
                text47                             678E     678E        E         0
                text46                             60A4     60A4       46         0
                text45                             6748     6748       16         0
                text44                             4F4E     4F4E      154         0
                text43                             5E34     5E34       56         0
                text42                             65E2     65E2       28         0
                text41                             605E     605E       46         0
                text40                             62B0     62B0       3A         0
                text39                             5D7C     5D7C       5C         0
                text38                             66A0     66A0       20         0
                text37                             5B04     5B04       6E         0
                text36                             66FA     66FA       1A         0
                text35                             63D0     63D0       38         0
                text34                             5900     5900       86         0
                text33                             5B72     5B72       6C         0
                text32                             66E0     66E0       1A         0
                text31                             5FCE     5FCE       4A         0
                text30                             6398     6398       38         0
                text29                             6478     6478       36         0
                text28                             65BA     65BA       28         0
                text27                             6276     6276       3A         0
                text26                             5E8A     5E8A       54         0
                text25                             44FC     44FC      18E         0
                text24                             499E     499E      176         0
                text23                             6780     6780        E         0
                text22                             54A6     54A6       D4         0
                text21                             6772     6772        E         0
                text20                             468A     468A      18A         0
                text19                             4C82     4C82      166         0
                text18                             6176     6176       42         0
                text17                             67FE     67FE        2         0
                text16                             57D0     57D0       98         0
                text15                             6018     6018       46         0
                text14                             623C     623C       3A         0
                text13                             557A     557A       CA         0
                text12                             2832     2832      306         0
                text11                             51F6     51F6       EC         0
                text10                             2E3E     2E3E      2F2         0
                text9                              5CB4     5CB4       64         0
                text8                              653E     653E       2A         0
                text7                                CA       CA      678         0
                text6                              1CD0     1CD0      402         0
                text5                              6592     6592       28         0
                text4                               DB8      DB8      542         0
                text3                              36FA     36FA      2D6         0
                text2                              41B4     41B4      1A8         0
                text1                              39D0     39D0      220         0
                text0                              6680     6680       20         0
                cinit                              64E4     64E4       2E         0

        CLASS   CONST          

        CLASS   SMALLCONST     

        CLASS   MEDIUMCONST    
                mediumconst                        FC42     FC42      3BE         0

        CLASS   COMRAM         
                temp                                  F        F        1         1
                cstackCOMRAM                          1        1        8         1
                bssCOMRAM                             9        9        6         1

        CLASS   ABS1           

        CLASS   BIGRAM         

        CLASS   RAM            

        CLASS   BANK0          
                cstackBANK0                          9E       9E       29         1
                bssBANK0                             60       60       3E         1
                nvBANK0                              C7       C7        1         1

        CLASS   BANK1          
                cstackBANK1                         163      163       3A         1
                bssBANK1                            100      100       63         1
                nvBANK1                             19D      19D        A         1

        CLASS   BANK2          
                cstackBANK2                         200      200       3B         1

        CLASS   BANK3          

        CLASS   BANK4          

        CLASS   BANK5          

        CLASS   BANK6          

        CLASS   BANK7          

        CLASS   BANK8          

        CLASS   BANK9          

        CLASS   BANK10         

        CLASS   BANK11         

        CLASS   BANK12         

        CLASS   BANK13         

        CLASS   BANK14         

        CLASS   BANK15         

        CLASS   SFR            

        CLASS   FARRAM         

        CLASS   CONFIG         
                config                           300000   300000        E         0

        CLASS   IDLOC          
                idloc                            200000   200000        8         0

        CLASS   EEDATA         



SEGMENTS        Name                           Load    Length   Top    Selector   Space  Class

                reset_vec                      000000  000004  000004         0       0  CODE    
                cstackCOMRAM                   000001  00000F  000010         1       1  COMRAM  
                intcodelo                      000018  0067EC  006804         C       0  CODE    
                bssBANK0                       000060  000068  0000C8        60       1  BANK0   
                bssBANK1                       000100  0000A7  0001A7       100       1  BANK1   
                cstackBANK2                    000200  00003B  00023B       200       1  BANK2   
                mediumconst                    00FC42  0003BE  010000      7E21       0  MEDIUMCO
                idloc                          200000  000008  200008    200000       0  IDLOC   
                config                         300000  00000E  30000E    300000       0  CONFIG  


UNUSED ADDRESS RANGES

        Name                Unused          Largest block    Delta
        BANK0            0000C8-0000FF               38
        BANK1            0001A7-0001FF               59
        BANK10           000A00-000AFF              100
        BANK11           000B00-000BFF              100
        BANK12           000C00-000CFF              100
        BANK13           000D00-000DFF              100
        BANK14           000E00-000EFF              100
        BANK15           000F00-000F37               38
        BANK2            00023B-0002FF               C5
        BANK3            000300-0003FF              100
        BANK4            000400-0004FF              100
        BANK5            000500-0005FF              100
        BANK6            000600-0006FF              100
        BANK7            000700-0007FF              100
        BANK8            000800-0008FF              100
        BANK9            000900-0009FF              100
        BIGRAM           000010-00005F               50
                         0000C8-0000FF               38
                         0001A7-0001FF               59
                         00023B-000F37              CFD
        CODE             000004-000017               14
                         006804-00FC41             943E
        COMRAM           000010-00005F               50
        CONST            000004-000017               14
                         006804-00FC41             943E
        EEDATA           F00000-F003FF              400
        MEDIUMCONST      006804-00FC41             943E
        RAM              0000C8-0000FF               38
                         0001A7-0001FF               59
                         00023B-000F37              100
        SFR              000F38-000FFF               28
        SMALLCONST       006804-00FC41              100
        STACK            00023B-000F37              CFD

                                  Symbol Table

?_EEslongrd                                     cstackBANK0  0000A6
?___aodiv                                       cstackBANK0  00009E
?___aomod                                       cstackBANK0  00009E
?___lmul                                        cstackBANK0  00009E
?___wmul                                        cstackBANK0  00009E
?_abs                                           cstackBANK0  0000AE
?_atoi                                          cstackBANK0  0000A2
?_checkMem                                      cstackBANK0  0000AF
?_dtoa                                          cstackBANK0  0000B8
?_isdigit                                       cstackBANK0  00009E
?_isspace                                       cstackBANK0  00009E
?_pad                                           cstackBANK0  0000A6
?_printf                                        cstackBANK2  000206
?_strlen                                        cstackBANK0  00009E
?_strncmp                                       cstackBANK0  00009E
?_vfpfcnvrt                                     cstackBANK1  00017D
?_vfprintf                                      cstackBANK2  000200
?i1_EEslongrd                                   cstackBANK2  000208
?i1___aodiv                                     cstackBANK0  00009E
?i1___aomod                                     cstackBANK0  00009E
?i1___lmul                                      cstackBANK2  000200
?i1___wmul                                      cstackBANK2  000200
?i1_abs                                         cstackBANK0  0000AE
?i1_atoi                                        cstackBANK2  000204
?i1_checkMem                                    cstackBANK2  00020C
?i1_dtoa                                        cstackBANK0  0000B8
?i1_isdigit                                     cstackBANK2  000200
?i1_isspace                                     cstackBANK2  000200
?i1_pad                                         cstackBANK0  0000A6
?i1_printf                                      cstackBANK2  000206
?i1_strlen                                      cstackBANK0  00009E
?i1_strncmp                                     cstackBANK0  00009E
?i1_vfpfcnvrt                                   cstackBANK1  00017D
?i1_vfprintf                                    cstackBANK2  000200
DATAEE_ReadByte@bAdd                            cstackBANK0  00009E
DATAEE_WriteByte@GIEBitValue                    cstackCOMRAM 000001
DATAEE_WriteByte@bAdd                           cstackBANK0  00009E
DATAEE_WriteByte@bData                          cstackBANK0  0000A0
EEslongrd@addr                                  cstackBANK0  0000A6
EEslongrd@data                                  cstackBANK0  0000AA
EEslongrd@i                                     cstackBANK0  0000AE
EEslongwr@addr                                  cstackBANK0  0000A1
EEslongwr@data                                  cstackBANK0  0000A5
EEslongwr@i                                     cstackCOMRAM 000002
EUSART1_SetErrorHandler@interruptHandler        cstackBANK0  00009E
EUSART1_SetFramingErrorHandler@interruptHandler cstackBANK0  00009E
EUSART1_SetOverrunErrorHandler@interruptHandler cstackBANK0  00009E
EUSART1_SetRxInterruptHandler@interruptHandler  cstackBANK0  00009E
EUSART1_SetTxInterruptHandler@interruptHandler  cstackBANK0  00009E
KBDwait@KBDpressed                              cstackCOMRAM 000002
KBDwaitDoor@KBDpressed                          cstackBANK2  000222
LCDcmd@a                                        cstackCOMRAM 000005
LCDport@a                                       cstackCOMRAM 000002
LCDputc@a                                       cstackCOMRAM 000004
LCDputc@temp                                    cstackCOMRAM 000002
LCDputc@y                                       cstackCOMRAM 000003
LCDputs@a                                       cstackBANK0  00009E
LCDputs@i                                       cstackCOMRAM 000007
LCDsc@a                                         cstackBANK2  000227
LCDsc@b                                         cstackBANK2  000222
LCDsc@temp                                      cstackBANK2  00022A
LCDsc@y                                         cstackBANK2  000229
LCDsc@z                                         cstackBANK2  000228
UARTputc@data                                   cstackBANK2  000222
_ANSELA                                         (abs)        000F38
_ANSELB                                         (abs)        000F39
_ANSELC                                         (abs)        000F3A
_ANSELD                                         (abs)        000F3B
_ANSELE                                         (abs)        000F3C
_BAUDCON1                                       (abs)        000FB8
_DATAEE_ReadByte                                text32       0066E0
_DATAEE_WriteByte                               text41       00605E
_EEADR                                          (abs)        000FA9
_EEADRH                                         (abs)        000FAA
_EECON1bits                                     (abs)        000FA6
_EECON2                                         (abs)        000FA7
_EEDATA                                         (abs)        000FA8
_EEslongrd                                      text31       005FCE
_EEslongwr                                      text40       0062B0
_EUSART1_DefaultErrorHandler                    text62       0067F8
_EUSART1_DefaultFramingErrorHandler             text61       006800
_EUSART1_DefaultOverrunErrorHandler             text60       0067F2
_EUSART1_ErrorHandler                           nvBANK1      00019D
_EUSART1_FramingErrorHandler                    nvBANK1      0001A1
_EUSART1_Initialize                             text50       005A0C
_EUSART1_OverrunErrorHandler                    nvBANK1      00019F
_EUSART1_Receive_ISR                            text59       00570E
_EUSART1_RxDataHandler                          text63       006512
_EUSART1_RxDefaultInterruptHandler              nvBANK1      0001A3
_EUSART1_SetErrorHandler                        text55       0067E0
_EUSART1_SetFramingErrorHandler                 text54       0067D6
_EUSART1_SetOverrunErrorHandler                 text53       0067CC
_EUSART1_SetRxInterruptHandler                  text52       0067C2
_EUSART1_SetTxInterruptHandler                  text51       0067B8
_EUSART1_Transmit_ISR                           text58       0061B8
_EUSART1_TxDefaultInterruptHandler              nvBANK1      0001A5
_I2C1_CallbackReturnReset                       (abs)        000000
_I2C1_CallbackReturnStop                        (abs)        000000
_I2C1_DO_ADDRESS_NACK                           (abs)        000000
_I2C1_DO_IDLE                                   (abs)        000000
_I2C1_DO_RCEN                                   (abs)        000000
_I2C1_DO_RESET                                  (abs)        000000
_I2C1_DO_RX                                     (abs)        000000
_I2C1_DO_RX_ACK                                 (abs)        000000
_I2C1_DO_RX_NACK_RESTART                        (abs)        000000
_I2C1_DO_RX_NACK_STOP                           (abs)        000000
_I2C1_DO_SEND_ADR_READ                          (abs)        000000
_I2C1_DO_SEND_ADR_WRITE                         (abs)        000000
_I2C1_DO_SEND_RESTART                           (abs)        000000
_I2C1_DO_SEND_RESTART_READ                      (abs)        000000
_I2C1_DO_SEND_RESTART_WRITE                     (abs)        000000
_I2C1_DO_SEND_STOP                              (abs)        000000
_I2C1_DO_TX                                     (abs)        000000
_I2C1_DO_TX_EMPTY                               (abs)        000000
_I2C1_Initialize                                text49       00675E
_I2C1_Status                                    bssBANK0     000060
_INTCON2bits                                    (abs)        000FF1
_INTCONbits                                     (abs)        000FF2
_INTERRUPT_Initialize                           text48       0067EA
_INTERRUPT_InterruptManagerLow                  intcodelo    000018
_IPR1bits                                       (abs)        000F9F
_KBDrd                                          text44       004F4E
_KBDwait                                        text29       006478
_KBDwaitDoor                                    text43       005E34
_LATA                                           (abs)        000F89
_LATAbits                                       (abs)        000F89
_LATB                                           (abs)        000F8A
_LATBbits                                       (abs)        000F8A
_LATC                                           (abs)        000F8B
_LATCbits                                       (abs)        000F8B
_LATD                                           (abs)        000F8C
_LATDbits                                       (abs)        000F8C
_LATE                                           (abs)        000F8D
_LCDclr                                         text36       0066FA
_LCDcmd                                         text38       0066A0
_LCDcoff                                        text23       006780
_LCDcon                                         text21       006772
_LCDin                                          text56       005A8C
_LCDport                                        text39       005D7C
_LCDputc                                        text35       0063D0
_LCDputs                                        text34       005900
_LCDsc                                          text37       005B04
_OSCCON                                         (abs)        000FD3
_OSCCON2                                        (abs)        000FD2
_OSCILLATOR_Initialize                          text47       00678E
_OSCTUNE                                        (abs)        000F9B
_PIE1bits                                       (abs)        000F9D
_PIN_MANAGER_Initialize                         text46       0060A4
_PIR1bits                                       (abs)        000F9E
_PIR2bits                                       (abs)        000FA1
_PORTBbits                                      (abs)        000F81
_PORTCbits                                      (abs)        000F82
_RC1IF                                          (abs)        007CF5
_RC1REG                                         (abs)        000FAE
_RCIF                                           (abs)        007CF5
_RCONbits                                       (abs)        000FD0
_RCREG                                          (abs)        000FAE
_RCREG1                                         (abs)        000FAE
_RCSTA1                                         (abs)        000FAB
_RCSTA1bits                                     (abs)        000FAB
_SPBRG1                                         (abs)        000FAF
_SPBRGH1                                        (abs)        000FB0
_SSP1ADD                                        (abs)        000FC8
_SSP1BUF                                        (abs)        000FC9
_SSP1CON1                                       (abs)        000FC6
_SSP1CON1bits                                   (abs)        000FC6
_SSP1CON2                                       (abs)        000FC5
_SSP1CON2bits                                   (abs)        000FC5
_SSP1STAT                                       (abs)        000FC7
_SSP1STATbits                                   (abs)        000FC7
_SYSTEM_Initialize                              text45       006748
_TABLAT                                         (abs)        000FF5
_TBLPTRH                                        (abs)        000FF7
_TBLPTRL                                        (abs)        000FF6
_TBLPTRU                                        (abs)        000FF8
_TRISA                                          (abs)        000F92
_TRISB                                          (abs)        000F93
_TRISC                                          (abs)        000F94
_TRISD                                          (abs)        000F95
_TRISE                                          (abs)        000F96
_TX1IF                                          (abs)        007CF4
_TXREG1                                         (abs)        000FAD
_TXSTA1                                         (abs)        000FAC
_TXSTA1bits                                     (abs)        000FAC
_UARTputc                                       text42       0065E2
_WPUB                                           (abs)        000F61
__CFG_BOREN$SBORDIS                             (abs)        000000
__CFG_BORV$190                                  (abs)        000000
__CFG_CCP2MX$PORTC1                             (abs)        000000
__CFG_CCP3MX$PORTB5                             (abs)        000000
__CFG_CP0$OFF                                   (abs)        000000
__CFG_CP1$OFF                                   (abs)        000000
__CFG_CP2$OFF                                   (abs)        000000
__CFG_CP3$OFF                                   (abs)        000000
__CFG_CPB$OFF                                   (abs)        000000
__CFG_CPD$OFF                                   (abs)        000000
__CFG_DEBUG$OFF                                 (abs)        000000
__CFG_EBTR0$OFF                                 (abs)        000000
__CFG_EBTR1$OFF                                 (abs)        000000
__CFG_EBTR2$OFF                                 (abs)        000000
__CFG_EBTR3$OFF                                 (abs)        000000
__CFG_EBTRB$OFF                                 (abs)        000000
__CFG_FCMEN$OFF                                 (abs)        000000
__CFG_FOSC$INTIO67                              (abs)        000000
__CFG_HFOFST$ON                                 (abs)        000000
__CFG_IESO$OFF                                  (abs)        000000
__CFG_LVP$ON                                    (abs)        000000
__CFG_MCLRE$EXTMCLR                             (abs)        000000
__CFG_P2BMX$PORTD2                              (abs)        000000
__CFG_PBADEN$ON                                 (abs)        000000
__CFG_PLLCFG$OFF                                (abs)        000000
__CFG_PRICLKEN$ON                               (abs)        000000
__CFG_PWRTEN$OFF                                (abs)        000000
__CFG_STVREN$ON                                 (abs)        000000
__CFG_T3CMX$PORTC0                              (abs)        000000
__CFG_WDTEN$OFF                                 (abs)        000000
__CFG_WDTPS$32768                               (abs)        000000
__CFG_WRT0$OFF                                  (abs)        000000
__CFG_WRT1$OFF                                  (abs)        000000
__CFG_WRT2$OFF                                  (abs)        000000
__CFG_WRT3$OFF                                  (abs)        000000
__CFG_WRTB$OFF                                  (abs)        000000
__CFG_WRTC$OFF                                  (abs)        000000
__CFG_WRTD$OFF                                  (abs)        000000
__CFG_XINST$OFF                                 (abs)        000000
__HRAM                                          (abs)        000000
__Habs1                                         abs1         000000
__Hbank0                                        bank0        000000
__Hbank1                                        bank1        000000
__Hbank10                                       bank10       000000
__Hbank11                                       bank11       000000
__Hbank12                                       bank12       000000
__Hbank13                                       bank13       000000
__Hbank14                                       bank14       000000
__Hbank15                                       bank15       000000
__Hbank2                                        bank2        000000
__Hbank3                                        bank3        000000
__Hbank4                                        bank4        000000
__Hbank5                                        bank5        000000
__Hbank6                                        bank6        000000
__Hbank7                                        bank7        000000
__Hbank8                                        bank8        000000
__Hbank9                                        bank9        000000
__Hbigbss                                       bigbss       000000
__Hbigdata                                      bigdata      000000
__Hbigram                                       bigram       000000
__Hbss                                          bss          000000
__HbssBANK0                                     bssBANK0     000000
__HbssBANK1                                     bssBANK1     000000
__HbssCOMRAM                                    bssCOMRAM    000000
__Hcinit                                        cinit        000000
__Hclrtext                                      clrtext      000000
__Hcomram                                       comram       000000
__Hconfig                                       config       30000E
__Hconst                                        const        000000
__HcstackBANK0                                  cstackBANK0  000000
__HcstackBANK1                                  cstackBANK1  000000
__HcstackBANK2                                  cstackBANK2  000000
__HcstackCOMRAM                                 cstackCOMRAM 000000
__Hdata                                         data         000000
__Heeprom_data                                  eeprom_data  000000
__Hfarbss                                       farbss       000000
__Hfardata                                      fardata      000000
__Hibigdata                                     ibigdata     000000
__Hidata                                        idata        000000
__Hidloc                                        idloc        200008
__Hifardata                                     ifardata     000000
__Hinit                                         init         0000CA
__Hintcode                                      intcode      000004
__Hintcode_body                                 intcode_body 000000
__Hintcodelo                                    intcodelo    0000C6
__Hintentry                                     intentry     000000
__Hintret                                       intret       000000
__Hintsave_regs                                 intsave_regs 000000
__Hirdata                                       irdata       000000
__Hmediumconst                                  mediumconst  010000
__HnvBANK0                                      nvBANK0      000000
__HnvBANK1                                      nvBANK1      000000
__HnvFARRAM                                     nvFARRAM     000000
__Hnvbit                                        nvbit        000000
__Hnvrram                                       nvrram       000000
__Hparam                                        rparam       000000
__Hpowerup                                      powerup      0000C6
__Hram                                          ram          000000
__Hramtop                                       ramtop       001000
__Hrbit                                         rbit         000000
__Hrbss                                         rbss         000000
__Hrdata                                        rdata        000000
__Hreset_vec                                    reset_vec    000004
__Hrparam                                       rparam       000000
__Hsfr                                          sfr          000000
__Hsmallconst                                   smallconst   000000
__Hspace_0                                      (abs)        30000E
__Hspace_1                                      (abs)        00023B
__Hspace_2                                      (abs)        000000
__Hstack                                        stack        000000
__Hstruct                                       struct       000000
__Htemp                                         temp         000010
__Htext                                         text         000000
__Htext0                                        text0        000000
__Htext1                                        text1        000000
__Htext10                                       text10       000000
__Htext100                                      text100      000000
__Htext101                                      text101      000000
__Htext102                                      text102      000000
__Htext103                                      text103      000000
__Htext104                                      text104      000000
__Htext105                                      text105      000000
__Htext106                                      text106      000000
__Htext107                                      text107      000000
__Htext108                                      text108      000000
__Htext109                                      text109      000000
__Htext11                                       text11       000000
__Htext110                                      text110      000000
__Htext111                                      text111      000000
__Htext12                                       text12       000000
__Htext13                                       text13       000000
__Htext14                                       text14       000000
__Htext15                                       text15       000000
__Htext16                                       text16       000000
__Htext17                                       text17       000000
__Htext18                                       text18       000000
__Htext19                                       text19       000000
__Htext2                                        text2        000000
__Htext20                                       text20       000000
__Htext21                                       text21       000000
__Htext22                                       text22       000000
__Htext23                                       text23       000000
__Htext24                                       text24       000000
__Htext25                                       text25       000000
__Htext26                                       text26       000000
__Htext27                                       text27       000000
__Htext28                                       text28       000000
__Htext29                                       text29       000000
__Htext3                                        text3        000000
__Htext30                                       text30       000000
__Htext31                                       text31       000000
__Htext32                                       text32       000000
__Htext33                                       text33       000000
__Htext34                                       text34       000000
__Htext35                                       text35       000000
__Htext36                                       text36       000000
__Htext37                                       text37       000000
__Htext38                                       text38       000000
__Htext39                                       text39       000000
__Htext4                                        text4        000000
__Htext40                                       text40       000000
__Htext41                                       text41       000000
__Htext42                                       text42       000000
__Htext43                                       text43       000000
__Htext44                                       text44       000000
__Htext45                                       text45       000000
__Htext46                                       text46       000000
__Htext47                                       text47       000000
__Htext48                                       text48       000000
__Htext49                                       text49       000000
__Htext5                                        text5        000000
__Htext50                                       text50       000000
__Htext51                                       text51       000000
__Htext52                                       text52       000000
__Htext53                                       text53       000000
__Htext54                                       text54       000000
__Htext55                                       text55       000000
__Htext56                                       text56       000000
__Htext58                                       text58       000000
__Htext59                                       text59       000000
__Htext6                                        text6        000000
__Htext60                                       text60       000000
__Htext61                                       text61       000000
__Htext62                                       text62       000000
__Htext63                                       text63       000000
__Htext64                                       text64       000000
__Htext65                                       text65       000000
__Htext66                                       text66       000000
__Htext67                                       text67       000000
__Htext68                                       text68       000000
__Htext69                                       text69       000000
__Htext7                                        text7        000000
__Htext70                                       text70       000000
__Htext71                                       text71       000000
__Htext72                                       text72       000000
__Htext73                                       text73       000000
__Htext74                                       text74       000000
__Htext75                                       text75       000000
__Htext76                                       text76       000000
__Htext77                                       text77       000000
__Htext78                                       text78       000000
__Htext79                                       text79       000000
__Htext8                                        text8        000000
__Htext80                                       text80       000000
__Htext81                                       text81       000000
__Htext82                                       text82       000000
__Htext83                                       text83       000000
__Htext84                                       text84       000000
__Htext85                                       text85       000000
__Htext86                                       text86       000000
__Htext87                                       text87       000000
__Htext88                                       text88       000000
__Htext89                                       text89       000000
__Htext9                                        text9        000000
__Htext90                                       text90       000000
__Htext91                                       text91       000000
__Htext92                                       text92       000000
__Htext93                                       text93       000000
__Htext94                                       text94       000000
__Htext95                                       text95       000000
__Htext96                                       text96       000000
__Htext97                                       text97       000000
__Htext98                                       text98       000000
__Htext99                                       text99       000000
__LRAM                                          (abs)        000001
__Labs1                                         abs1         000000
__Lbank0                                        bank0        000000
__Lbank1                                        bank1        000000
__Lbank10                                       bank10       000000
__Lbank11                                       bank11       000000
__Lbank12                                       bank12       000000
__Lbank13                                       bank13       000000
__Lbank14                                       bank14       000000
__Lbank15                                       bank15       000000
__Lbank2                                        bank2        000000
__Lbank3                                        bank3        000000
__Lbank4                                        bank4        000000
__Lbank5                                        bank5        000000
__Lbank6                                        bank6        000000
__Lbank7                                        bank7        000000
__Lbank8                                        bank8        000000
__Lbank9                                        bank9        000000
__Lbigbss                                       bigbss       000000
__Lbigdata                                      bigdata      000000
__Lbigram                                       bigram       000000
__Lbss                                          bss          000000
__LbssBANK0                                     bssBANK0     000000
__LbssBANK1                                     bssBANK1     000000
__LbssCOMRAM                                    bssCOMRAM    000000
__Lcinit                                        cinit        000000
__Lclrtext                                      clrtext      000000
__Lcomram                                       comram       000000
__Lconfig                                       config       300000
__Lconst                                        const        000000
__LcstackBANK0                                  cstackBANK0  000000
__LcstackBANK1                                  cstackBANK1  000000
__LcstackBANK2                                  cstackBANK2  000000
__LcstackCOMRAM                                 cstackCOMRAM 000000
__Ldata                                         data         000000
__Leeprom_data                                  eeprom_data  000000
__Lfarbss                                       farbss       000000
__Lfardata                                      fardata      000000
__Libigdata                                     ibigdata     000000
__Lidata                                        idata        000000
__Lidloc                                        idloc        200000
__Lifardata                                     ifardata     000000
__Linit                                         init         0000C6
__Lintcode                                      intcode      000004
__Lintcode_body                                 intcode_body 000000
__Lintcodelo                                    intcodelo    000018
__Lintentry                                     intentry     000000
__Lintret                                       intret       000000
__Lintsave_regs                                 intsave_regs 000000
__Lirdata                                       irdata       000000
__Lmediumconst                                  mediumconst  00FC42
__LnvBANK0                                      nvBANK0      000000
__LnvBANK1                                      nvBANK1      000000
__LnvFARRAM                                     nvFARRAM     000000
__Lnvbit                                        nvbit        000000
__Lnvrram                                       nvrram       000000
__Lparam                                        rparam       000000
__Lpowerup                                      powerup      0000C6
__Lram                                          ram          000000
__Lramtop                                       ramtop       001000
__Lrbit                                         rbit         000000
__Lrbss                                         rbss         000000
__Lrdata                                        rdata        000000
__Lreset_vec                                    reset_vec    000000
__Lrparam                                       rparam       000000
__Lsfr                                          sfr          000000
__Lsmallconst                                   smallconst   000000
__Lspace_0                                      (abs)        000000
__Lspace_1                                      (abs)        000000
__Lspace_2                                      (abs)        000000
__Lstack                                        stack        000000
__Lstruct                                       struct       000000
__Ltemp                                         temp         00000F
__Ltext                                         text         000000
__Ltext0                                        text0        000000
__Ltext1                                        text1        000000
__Ltext10                                       text10       000000
__Ltext100                                      text100      000000
__Ltext101                                      text101      000000
__Ltext102                                      text102      000000
__Ltext103                                      text103      000000
__Ltext104                                      text104      000000
__Ltext105                                      text105      000000
__Ltext106                                      text106      000000
__Ltext107                                      text107      000000
__Ltext108                                      text108      000000
__Ltext109                                      text109      000000
__Ltext11                                       text11       000000
__Ltext110                                      text110      000000
__Ltext111                                      text111      000000
__Ltext12                                       text12       000000
__Ltext13                                       text13       000000
__Ltext14                                       text14       000000
__Ltext15                                       text15       000000
__Ltext16                                       text16       000000
__Ltext17                                       text17       000000
__Ltext18                                       text18       000000
__Ltext19                                       text19       000000
__Ltext2                                        text2        000000
__Ltext20                                       text20       000000
__Ltext21                                       text21       000000
__Ltext22                                       text22       000000
__Ltext23                                       text23       000000
__Ltext24                                       text24       000000
__Ltext25                                       text25       000000
__Ltext26                                       text26       000000
__Ltext27                                       text27       000000
__Ltext28                                       text28       000000
__Ltext29                                       text29       000000
__Ltext3                                        text3        000000
__Ltext30                                       text30       000000
__Ltext31                                       text31       000000
__Ltext32                                       text32       000000
__Ltext33                                       text33       000000
__Ltext34                                       text34       000000
__Ltext35                                       text35       000000
__Ltext36                                       text36       000000
__Ltext37                                       text37       000000
__Ltext38                                       text38       000000
__Ltext39                                       text39       000000
__Ltext4                                        text4        000000
__Ltext40                                       text40       000000
__Ltext41                                       text41       000000
__Ltext42                                       text42       000000
__Ltext43                                       text43       000000
__Ltext44                                       text44       000000
__Ltext45                                       text45       000000
__Ltext46                                       text46       000000
__Ltext47                                       text47       000000
__Ltext48                                       text48       000000
__Ltext49                                       text49       000000
__Ltext5                                        text5        000000
__Ltext50                                       text50       000000
__Ltext51                                       text51       000000
__Ltext52                                       text52       000000
__Ltext53                                       text53       000000
__Ltext54                                       text54       000000
__Ltext55                                       text55       000000
__Ltext56                                       text56       000000
__Ltext58                                       text58       000000
__Ltext59                                       text59       000000
__Ltext6                                        text6        000000
__Ltext60                                       text60       000000
__Ltext61                                       text61       000000
__Ltext62                                       text62       000000
__Ltext63                                       text63       000000
__Ltext64                                       text64       000000
__Ltext65                                       text65       000000
__Ltext66                                       text66       000000
__Ltext67                                       text67       000000
__Ltext68                                       text68       000000
__Ltext69                                       text69       000000
__Ltext7                                        text7        000000
__Ltext70                                       text70       000000
__Ltext71                                       text71       000000
__Ltext72                                       text72       000000
__Ltext73                                       text73       000000
__Ltext74                                       text74       000000
__Ltext75                                       text75       000000
__Ltext76                                       text76       000000
__Ltext77                                       text77       000000
__Ltext78                                       text78       000000
__Ltext79                                       text79       000000
__Ltext8                                        text8        000000
__Ltext80                                       text80       000000
__Ltext81                                       text81       000000
__Ltext82                                       text82       000000
__Ltext83                                       text83       000000
__Ltext84                                       text84       000000
__Ltext85                                       text85       000000
__Ltext86                                       text86       000000
__Ltext87                                       text87       000000
__Ltext88                                       text88       000000
__Ltext89                                       text89       000000
__Ltext9                                        text9        000000
__Ltext90                                       text90       000000
__Ltext91                                       text91       000000
__Ltext92                                       text92       000000
__Ltext93                                       text93       000000
__Ltext94                                       text94       000000
__Ltext95                                       text95       000000
__Ltext96                                       text96       000000
__Ltext97                                       text97       000000
__Ltext98                                       text98       000000
__Ltext99                                       text99       000000
__S0                                            (abs)        30000E
__S1                                            (abs)        00023B
__S2                                            (abs)        000000
___aodiv                                        text20       00468A
___aodiv@counter                                cstackBANK0  0000AE
___aodiv@dividend                               cstackBANK0  00009E
___aodiv@divisor                                cstackBANK0  0000A6
___aodiv@quotient                               cstackBANK0  0000B0
___aodiv@sign                                   cstackBANK0  0000AF
___aomod                                        text19       004C82
___aomod@counter                                cstackCOMRAM 000001
___aomod@dividend                               cstackBANK0  00009E
___aomod@divisor                                cstackBANK0  0000A6
___aomod@sign                                   cstackCOMRAM 000002
___inthi_sp                                     stack        000000
___intlo_sp                                     stack        000000
___lmul                                         text33       005B72
___lmul@multiplicand                            cstackBANK0  0000A2
___lmul@multiplier                              cstackBANK0  00009E
___lmul@product                                 cstackCOMRAM 000001
___param_bank                                   (abs)        000000
___rparam_used                                  (abs)        000001
___sp                                           stack        000000
___wmul                                         text28       0065BA
___wmul@multiplicand                            cstackBANK0  0000A0
___wmul@multiplier                              cstackBANK0  00009E
___wmul@product                                 cstackCOMRAM 000001
__accesstop                                     (abs)        000060
__activetblptr                                  (abs)        000003
__end_of_DATAEE_ReadByte                        text32       0066FA
__end_of_DATAEE_WriteByte                       text41       0060A4
__end_of_EEslongrd                              text31       006018
__end_of_EEslongwr                              text40       0062EA
__end_of_EUSART1_DefaultErrorHandler            text62       0067FE
__end_of_EUSART1_DefaultFramingErrorHandler     text61       006802
__end_of_EUSART1_DefaultOverrunErrorHandler     text60       0067F8
__end_of_EUSART1_Initialize                     text50       005A8C
__end_of_EUSART1_Receive_ISR                    text59       0057D0
__end_of_EUSART1_RxDataHandler                  text63       00653E
__end_of_EUSART1_SetErrorHandler                text55       0067EA
__end_of_EUSART1_SetFramingErrorHandler         text54       0067E0
__end_of_EUSART1_SetOverrunErrorHandler         text53       0067D6
__end_of_EUSART1_SetRxInterruptHandler          text52       0067CC
__end_of_EUSART1_SetTxInterruptHandler          text51       0067C2
__end_of_EUSART1_Transmit_ISR                   text58       0061FA
__end_of_I2C1_Initialize                        text49       006772
__end_of_INTERRUPT_Initialize                   text48       0067F2
__end_of_INTERRUPT_InterruptManagerLow          intcodelo    0000C6
__end_of_KBDrd                                  text44       0050A2
__end_of_KBDwait                                text29       0064AE
__end_of_KBDwaitDoor                            text43       005E8A
__end_of_LCDclr                                 text36       006714
__end_of_LCDcmd                                 text38       0066C0
__end_of_LCDcoff                                text23       00678E
__end_of_LCDcon                                 text21       006780
__end_of_LCDin                                  text56       005B04
__end_of_LCDport                                text39       005DD8
__end_of_LCDputc                                text35       006408
__end_of_LCDputs                                text34       005986
__end_of_LCDsc                                  text37       005B72
__end_of_OSCILLATOR_Initialize                  text47       00679C
__end_of_PIN_MANAGER_Initialize                 text46       0060EA
__end_of_SYSTEM_Initialize                      text45       00675E
__end_of_UARTputc                               text42       00660A
__end_of___aodiv                                text20       004814
__end_of___aomod                                text19       004DE8
__end_of___lmul                                 text33       005BDE
__end_of___wmul                                 text28       0065E2
__end_of__initialization                        cinit        006508
__end_of_abs                                    text18       0061B8
__end_of_atoi                                   text25       00468A
__end_of_borrarMem                              text22       00557A
__end_of_checkMem                               text30       0063D0
__end_of_controlAcceso                          text2        00435C
__end_of_dtoa                                   text12       002B38
__end_of_editDepto                              text7        000742
__end_of_eqcpto                                 text5        0065BA
__end_of_fputc                                  text16       005868
__end_of_fputs                                  text15       00605E
__end_of_fsmStateTable                          mediumconst  00FC63
__end_of_getInfo                                text64       001CD0
__end_of_ingresar                               text24       004B14
__end_of_isdigit                                text27       0062B0
__end_of_isspace                                text26       005EDE
__end_of_keyModeProg                            mediumconst  00FC65
__end_of_keyType                                text3        0039D0
__end_of_main                                   text0        0066A0
__end_of_modeProg                               text68       003FFC
__end_of_modeTest                               text6        0020D2
__end_of_pad                                    text13       005644
__end_of_printf                                 text8        006568
__end_of_progCacc                               text89       002832
__end_of_progDepto                              text4        0012FA
__end_of_putch                                  text17       006800
__end_of_strlen                                 text14       006276
__end_of_strncmp                                text11       0052E2
__end_of_verModeProg                            text1        003BF0
__end_of_vfpfcnvrt                              text10       003130
__end_of_vfprintf                               text9        005D18
__end_ofi1_DATAEE_ReadByte                      text98       00672E
__end_ofi1_DATAEE_WriteByte                     text107      006176
__end_ofi1_EEslongrd                            text97       005FCE
__end_ofi1_EEslongwr                            text106      006398
__end_ofi1_KBDrd                                text110      0051F6
__end_ofi1_KBDwait                              text95       0064E4
__end_ofi1_KBDwaitDoor                          text109      005F82
__end_ofi1_LCDclr                               text102      006748
__end_ofi1_LCDcmd                               text104      0066E0
__end_ofi1_LCDcoff                              text88       0067B8
__end_ofi1_LCDcon                               text86       0067AA
__end_ofi1_LCDport                              text105      005E34
__end_ofi1_LCDputc                              text101      006478
__end_ofi1_LCDputs                              text100      005A0C
__end_ofi1_LCDsc                                text103      005CB4
__end_ofi1_UARTputc                             text108      006680
__end_ofi1___aodiv                              text85       00499E
__end_ofi1___aomod                              text84       004F4E
__end_ofi1___lmul                               text99       005C4A
__end_ofi1___wmul                               text94       00665A
__end_ofi1_abs                                  text83       00623C
__end_ofi1_atoi                                 text91       0044FC
__end_ofi1_borrarMem                            text87       0054A6
__end_ofi1_checkMem                             text96       006440
__end_ofi1_controlAcceso                        text66       0041B4
__end_ofi1_dtoa                                 text77       002E3E
__end_ofi1_editDepto                            text72       000DB8
__end_ofi1_eqcpto                               text70       006632
__end_ofi1_fputc                                text81       005900
__end_ofi1_fputs                                text80       006130
__end_ofi1_ingresar                             text90       004C82
__end_ofi1_isdigit                              text93       00635E
__end_ofi1_isspace                              text92       005F32
__end_ofi1_keyType                              text67       0036FA
__end_ofi1_modeTest                             text71       0024D4
__end_ofi1_pad                                  text78       00570E
__end_ofi1_printf                               text73       006592
__end_ofi1_progDepto                            text69       00183C
__end_ofi1_putch                                text82       006804
__end_ofi1_strlen                               text79       006324
__end_ofi1_strncmp                              text76       0053CE
__end_ofi1_verModeProg                          text65       003E10
__end_ofi1_vfpfcnvrt                            text75       003422
__end_ofi1_vfprintf                             text74       005D7C
__initialization                                cinit        0064E4
__mediumconst                                   mediumconst  00FC42
__pbssBANK0                                     bssBANK0     000060
__pbssBANK1                                     bssBANK1     000100
__pbssCOMRAM                                    bssCOMRAM    000009
__pcinit                                        cinit        0064E4
__pcstackBANK0                                  cstackBANK0  00009E
__pcstackBANK1                                  cstackBANK1  000163
__pcstackBANK2                                  cstackBANK2  000200
__pcstackCOMRAM                                 cstackCOMRAM 000001
__pintcodelo                                    intcodelo    000018
__pmediumconst                                  mediumconst  00FC42
__pnvBANK0                                      nvBANK0      0000C7
__pnvBANK1                                      nvBANK1      00019D
__ptext0                                        text0        006680
__ptext1                                        text1        0039D0
__ptext10                                       text10       002E3E
__ptext100                                      text100      005986
__ptext101                                      text101      006440
__ptext102                                      text102      00672E
__ptext103                                      text103      005C4A
__ptext104                                      text104      0066C0
__ptext105                                      text105      005DD8
[...]
      Totals:         4       0       0       1       0       0       0       0       0       0       0       0       0       0       0       0       0
Total ram usage:        5 bytes
 Hardware stack levels used:    1
 Hardware stack levels required when called:   14
 This function calls:
		i1_LCDcmd
 This function is called by:
		_getInfo
		_modeProg
		_progCacc
		i1_LCDclr
		i1_controlAcceso
		i1_keyType
		i1_modeTest
		i1_progDepto
		i1_ingresar
		i1_editDepto
 This function uses a non-reentrant model


 *************** function i1_LCDcmd *****************
 Defined at:
		line 82 in file "./LCD.h"
 Parameters:    Size  Location     Type
  a               1    wreg     unsigned char 
 Auto vars:     Size  Location     Type
  a               1    2[COMRAM] unsigned char 
 Return value:  Size  Location     Type
                  1    wreg      void 
 Registers used:
		wreg, status,2, cstack
 Tracked objects:
		On entry : 
		On exit  : 
		Unchanged: 
 Data sizes:     COMRAM   BANK0   BANK1   BANK2   BANK3   BANK4   BANK5   BANK6   BANK7   BANK8   BANK9  BANK10  BANK11  BANK12  BANK13  BANK14  BANK15
      Params:         0       0       0       0       0       0       0       0       0       0       0       0       0       0       0       0       0
      Locals:         1       0       0       0       0       0       0       0       0       0       0       0       0       0       0       0       0
      Temps:          1       0       0       0       0       0       0       0       0       0       0       0       0       0       0       0       0
      Totals:         2       0       0       0       0       0       0       0       0       0       0       0       0       0       0       0       0
Total ram usage:        2 bytes
 Hardware stack levels used:    1
 Hardware stack levels required when called:   13
 This function calls:
		i1_LCDport
 This function is called by:
		i1_LCDsc
		i1_LCDclr
		i1_LCDcoff
		i1_LCDcon
 This function uses a non-reentrant model


 *************** function i1_LCDport *****************
 Defined at:
		line 70 in file "./LCD.h"
 Parameters:    Size  Location     Type
  a               1    wreg     unsigned char 
 Auto vars:     Size  Location     Type
  a               1    0[COMRAM] unsigned char 
 Return value:  Size  Location     Type
                  1    wreg      void 
 Registers used:
		wreg
 Tracked objects:
		On entry : 
		On exit  : 
		Unchanged: 
 Data sizes:     COMRAM   BANK0   BANK1   BANK2   BANK3   BANK4   BANK5   BANK6   BANK7   BANK8   BANK9  BANK10  BANK11  BANK12  BANK13  BANK14  BANK15
      Params:         0       0       0       0       0       0       0       0       0       0       0       0       0       0       0       0       0
      Locals:         1       0       0       0       0       0       0       0       0       0       0       0       0       0       0       0       0
      Temps:          0       0       0       0       0       0       0       0       0       0       0       0       0       0       0       0       0
      Totals:         1       0       0       0       0       0       0       0       0       0       0       0       0       0       0       0       0
Total ram usage:        1 bytes
 Hardware stack levels used:    1
 Hardware stack levels required when called:   12
 This function calls:
		Nothing
 This function is called by:
		i1_LCDcmd
		i1_LCDputc
 This function uses a non-reentrant model


 *************** function i1_EEslongwr *****************
 Defined at:
		line 985 in file "main.c"
 Parameters:    Size  Location     Type
  addr            4    3[BANK2 ] unsigned long 
  data            4    7[BANK2 ] unsigned long 
 Auto vars:     Size  Location     Type
  EEslongwr       1    1[COMRAM] unsigned char 
 Return value:  Size  Location     Type
                  1    wreg      void 
 Registers used:
		wreg, fsr2l, fsr2h, status,2, status,0, cstack
 Tracked objects:
		On entry : 
		On exit  : 
		Unchanged: 
 Data sizes:     COMRAM   BANK0   BANK1   BANK2   BANK3   BANK4   BANK5   BANK6   BANK7   BANK8   BANK9  BANK10  BANK11  BANK12  BANK13  BANK14  BANK15
      Params:         0       0       0       8       0       0       0       0       0       0       0       0       0       0       0       0       0
      Locals:         1       0       0       0       0       0       0       0       0       0       0       0       0       0       0       0       0
      Temps:          0       0       0       0       0       0       0       0       0       0       0       0       0       0       0       0       0
      Totals:         1       0       0       8       0       0       0       0       0       0       0       0       0       0       0       0       0
Total ram usage:        9 bytes
 Hardware stack levels used:    1
 Hardware stack levels required when called:   13
 This function calls:
		i1_DATAEE_WriteByte
 This function is called by:
		_progCacc
		i1_progDepto
		i1_borrarMem
		i1_editDepto
		i1_eqcpto
 This function uses a non-reentrant model


 *************** function i1_DATAEE_WriteByte *****************
 Defined at:
		line 176 in file "mcc_generated_files/memory.c"
 Parameters:    Size  Location     Type
  bAdd            2    0[BANK2 ] unsigned short 
  bData           1    2[BANK2 ] unsigned char 
 Auto vars:     Size  Location     Type
  DATAEE_Write    1    0[COMRAM] unsigned char 
 Return value:  Size  Location     Type
                  1    wreg      void 
 Registers used:
		wreg, status,2, status,0
 Tracked objects:
		On entry : 
		On exit  : 
		Unchanged: 
 Data sizes:     COMRAM   BANK0   BANK1   BANK2   BANK3   BANK4   BANK5   BANK6   BANK7   BANK8   BANK9  BANK10  BANK11  BANK12  BANK13  BANK14  BANK15
      Params:         0       0       0       3       0       0       0       0       0       0       0       0       0       0       0       0       0
      Locals:         1       0       0       0       0       0       0       0       0       0       0       0       0       0       0       0       0
      Temps:          0       0       0       0       0       0       0       0       0       0       0       0       0       0       0       0       0
      Totals:         1       0       0       3       0       0       0       0       0       0       0       0       0       0       0       0       0
Total ram usage:        4 bytes
 Hardware stack levels used:    1
 Hardware stack levels required when called:   12
 This function calls:
		Nothing
 This function is called by:
		_getInfo
		_progCacc
		i1_controlAcceso
		i1_progDepto
		i1_borrarMem
		i1_editDepto
		i1_EEslongwr
 This function uses a non-reentrant model


 *************** function i1_UARTputc *****************
 Defined at:
		line 202 in file "mcc_generated_files/eusart1.c"
 Parameters:    Size  Location     Type
  data            1    wreg     unsigned char 
 Auto vars:     Size  Location     Type
  data            1    0[COMRAM] unsigned char 
 Return value:  Size  Location     Type
                  1    wreg      void 
 Registers used:
		wreg
 Tracked objects:
		On entry : 
		On exit  : 
		Unchanged: 
 Data sizes:     COMRAM   BANK0   BANK1   BANK2   BANK3   BANK4   BANK5   BANK6   BANK7   BANK8   BANK9  BANK10  BANK11  BANK12  BANK13  BANK14  BANK15
      Params:         0       0       0       0       0       0       0       0       0       0       0       0       0       0       0       0       0
      Locals:         1       0       0       0       0       0       0       0       0       0       0       0       0       0       0       0       0
      Temps:          0       0       0       0       0       0       0       0       0       0       0       0       0       0       0       0       0
      Totals:         1       0       0       0       0       0       0       0       0       0       0       0       0       0       0       0       0
Total ram usage:        1 bytes
 Hardware stack levels used:    1
 Hardware stack levels required when called:   12
 This function calls:
		Nothing
 This function is called by:
		_getInfo
 This function uses a non-reentrant model


 *************** function i1_KBDwaitDoor *****************
 Defined at:
		line 117 in file "./KEYPAD.h"
 Parameters:    Size  Location     Type
		None
 Auto vars:     Size  Location     Type
  KBDwaitDoor     1    1[COMRAM] unsigned char 
 Return value:  Size  Location     Type
                  1    wreg      unsigned char 
 Registers used:
		wreg, status,2, status,0, cstack
 Tracked objects:
		On entry : 
		On exit  : 
		Unchanged: 
 Data sizes:     COMRAM   BANK0   BANK1   BANK2   BANK3   BANK4   BANK5   BANK6   BANK7   BANK8   BANK9  BANK10  BANK11  BANK12  BANK13  BANK14  BANK15
      Params:         0       0       0       0       0       0       0       0       0       0       0       0       0       0       0       0       0
      Locals:         1       0       0       0       0       0       0       0       0       0       0       0       0       0       0       0       0
      Temps:          0       0       0       0       0       0       0       0       0       0       0       0       0       0       0       0       0
      Totals:         1       0       0       0       0       0       0       0       0       0       0       0       0       0       0       0       0
Total ram usage:        1 bytes
 Hardware stack levels used:    1
 Hardware stack levels required when called:   13
 This function calls:
		i1_KBDrd
 This function is called by:
		_getInfo
 This function uses a non-reentrant model


 *************** function i1_KBDrd *****************
 Defined at:
		line 21 in file "./KEYPAD.h"
 Parameters:    Size  Location     Type
		None
 Auto vars:     Size  Location     Type
		None
 Return value:  Size  Location     Type
                  1    wreg      unsigned char 
 Registers used:
		wreg
 Tracked objects:
		On entry : 
		On exit  : 
		Unchanged: 
 Data sizes:     COMRAM   BANK0   BANK1   BANK2   BANK3   BANK4   BANK5   BANK6   BANK7   BANK8   BANK9  BANK10  BANK11  BANK12  BANK13  BANK14  BANK15
      Params:         0       0       0       0       0       0       0       0       0       0       0       0       0       0       0       0       0
      Locals:         0       0       0       0       0       0       0       0       0       0       0       0       0       0       0       0       0
      Temps:          1       0       0       0       0       0       0       0       0       0       0       0       0       0       0       0       0
      Totals:         1       0       0       0       0       0       0       0       0       0       0       0       0       0       0       0       0
Total ram usage:        1 bytes
 Hardware stack levels used:    1
 Hardware stack levels required when called:   12
 This function calls:
		Nothing
 This function is called by:
		i1_KBDwaitDoor
		i1_KBDwait
 This function uses a non-reentrant model



MODULE INFORMATION

Module		Function		Class		Link	Load	Size
C:\Program Files (x86)\Microchip\xc8\v2.10\pic\sources\c99\common\atoi.c
		_atoi          		CODE           	44FC	0000	399

C:\Program Files (x86)\Microchip\xc8\v2.10\pic\sources\c99\common\atoi.c estimated size: 399

C:\Program Files (x86)\Microchip\xc8\v2.10\pic\sources\c99\common\Umul32.c
		___lmul        		CODE           	5B72	0000	109

C:\Program Files (x86)\Microchip\xc8\v2.10\pic\sources\c99\common\Umul32.c estimated size: 109

C:\Program Files (x86)\Microchip\xc8\v2.10\pic\sources\c99\common\aodiv.c
		___aodiv       		CODE           	468A	0000	395

C:\Program Files (x86)\Microchip\xc8\v2.10\pic\sources\c99\common\aodiv.c estimated size: 395

mcc_generated_files/i2c1_master.c
		_I2C1_Initialize		CODE           	675E	0000	21

mcc_generated_files/i2c1_master.c estimated size: 21

mcc_generated_files/interrupt_manager.c
		_INTERRUPT_Initialize		CODE           	67EA	0000	9
		_INTERRUPT_InterruptManagerLow		CODE           	0018	0000	175

mcc_generated_files/interrupt_manager.c estimated size: 184

C:\Program Files (x86)\Microchip\xc8\v2.10\pic\sources\c99\common\isspace.c
		_isspace       		CODE           	5E8A	0000	85

C:\Program Files (x86)\Microchip\xc8\v2.10\pic\sources\c99\common\isspace.c estimated size: 85

C:\Program Files (x86)\Microchip\xc8\v2.10\pic\sources\c99\common\strlen.c
		_strlen        		CODE           	623C	0000	59

C:\Program Files (x86)\Microchip\xc8\v2.10\pic\sources\c99\common\strlen.c estimated size: 59

C:\Program Files (x86)\Microchip\xc8\v2.10\pic\sources\c99\common\strncmp.c
		_strncmp       		CODE           	51F6	0000	237

C:\Program Files (x86)\Microchip\xc8\v2.10\pic\sources\c99\common\strncmp.c estimated size: 237

mcc_generated_files/pin_manager.c
		_PIN_MANAGER_Initialize		CODE           	60A4	0000	71

mcc_generated_files/pin_manager.c estimated size: 71

C:\Program Files (x86)\Microchip\xc8\v2.10\pic\sources\c99\common\doprnt.c
		_vfpfcnvrt     		CODE           	2E3E	0000	755
		_pad           		CODE           	557A	0000	203
		_dtoa          		CODE           	2832	0000	775
		_vfprintf      		CODE           	5CB4	0000	101

C:\Program Files (x86)\Microchip\xc8\v2.10\pic\sources\c99\common\doprnt.c estimated size: 1834

./LCD.h
		_LCDputc       		CODE           	63D0	0000	57
		_LCDputs       		CODE           	5900	0000	135
		_LCDcoff       		CODE           	6780	0000	15
		_LCDsc         		CODE           	5B04	0000	111
		_LCDin         		CODE           	5A8C	0000	121
		_LCDclr        		CODE           	66FA	0000	27
		_LCDcon        		CODE           	6772	0000	15
		_LCDcmd        		CODE           	66A0	0000	33
		_LCDport       		CODE           	5D7C	0000	93

./LCD.h estimated size: 607

C:\Program Files (x86)\Microchip\xc8\v2.10\pic\sources\c99\common\nf_fputs.c
		_fputs         		CODE           	6018	0000	71

C:\Program Files (x86)\Microchip\xc8\v2.10\pic\sources\c99\common\nf_fputs.c estimated size: 71

shared
		i1_UARTputc    		CODE           	665A	0000	39
		i1_DATAEE_WriteByte		CODE           	6130	0000	71
		i1_printf      		CODE           	6568	0000	43
		i1_vfpfcnvrt   		CODE           	3130	0000	755
		i1_borrarMem   		CODE           	53CE	0000	217
		i1_pad         		CODE           	5644	0000	203
		i1_atoi        		CODE           	435C	0000	417
		i1_verModeProg 		CODE           	3BF0	0000	545
		i1_abs         		CODE           	61FA	0000	67
		i1_LCDsc       		CODE           	5C4A	0000	107
		i1_ingresar    		CODE           	4B14	0000	367
		i1_KBDwaitDoor 		CODE           	5F32	0000	81
		i1_eqcpto      		CODE           	660A	0000	41
		i1_putch       		CODE           	6802	0000	3
		i1_isspace     		CODE           	5EDE	0000	85
		i1_strncmp     		CODE           	52E2	0000	237
		_keyModeProg   		MEDIUMCONST    	0000	0000	0
		i1_vfprintf    		CODE           	5D18	0000	101
		i1_isdigit     		CODE           	6324	0000	59
		i1_KBDrd       		CODE           	50A2	0000	341
		i1_LCDport     		CODE           	5DD8	0000	93
		i1_controlAcceso		CODE           	3FFC	0000	441
		i1___wmul      		CODE           	6632	0000	41
		i1_editDepto   		CODE           	0742	0000	1655
		i1_dtoa        		CODE           	2B38	0000	775
		i1_LCDputc     		CODE           	6440	0000	57
		i1_LCDputs     		CODE           	5986	0000	135
		i1_LCDcmd      		CODE           	66C0	0000	33
		__initialization		CODE           	64E4	0000	37
		i1___lmul      		CODE           	5BDE	0000	109
		i1___aodiv     		CODE           	4814	0000	395
		i1_progDepto   		CODE           	12FA	0000	1347
		i1_modeTest    		CODE           	20D2	0000	1027
		_fsmStateTable 		MEDIUMCONST    	FC43	0000	33
		i1_DATAEE_ReadByte		CODE           	6714	0000	27
		i1_LCDclr      		CODE           	672E	0000	27
		i1___aomod     		CODE           	4DE8	0000	359
		i1_LCDcon      		CODE           	679C	0000	15
		i1_LCDcoff     		CODE           	67AA	0000	15
		i1_fputc       		CODE           	5868	0000	153
		i1_fputs       		CODE           	60EA	0000	71
		i1_strlen      		CODE           	62EA	0000	59
		i1_EEslongrd   		CODE           	5F82	0000	77
		i1_EEslongwr   		CODE           	635E	0000	59
		i1_keyType     		CODE           	3422	0000	729
		i1_checkMem    		CODE           	6408	0000	57
		i1_KBDwait     		CODE           	64AE	0000	55

shared estimated size: 11660

mcc_generated_files/eusart1.c
		_EUSART1_SetRxInterruptHandler		CODE           	67C2	0000	11
		_EUSART1_SetTxInterruptHandler		CODE           	67B8	0000	11
		_EUSART1_Initialize		CODE           	5A0C	0000	129
		_EUSART1_DefaultErrorHandler		CODE           	67F8	0000	7
		_EUSART1_SetFramingErrorHandler		CODE           	67D6	0000	11
		_UARTputc      		CODE           	65E2	0000	41
		_EUSART1_SetOverrunErrorHandler		CODE           	67CC	0000	11
		_EUSART1_SetErrorHandler		CODE           	67E0	0000	11
		_EUSART1_Receive_ISR		CODE           	570E	0000	195
		_EUSART1_RxDataHandler		CODE           	6512	0000	45
		_EUSART1_DefaultOverrunErrorHandler		CODE           	67F2	0000	7
		_EUSART1_Transmit_ISR		CODE           	61B8	0000	67
		_EUSART1_DefaultFramingErrorHandler		CODE           	6800	0000	3

mcc_generated_files/eusart1.c estimated size: 549

C:\Program Files (x86)\Microchip\xc8\v2.10\pic\sources\c99\common\putch.c
		_putch         		CODE           	67FE	0000	3

C:\Program Files (x86)\Microchip\xc8\v2.10\pic\sources\c99\common\putch.c estimated size: 3

mcc_generated_files/mcc.c
		_OSCILLATOR_Initialize		CODE           	678E	0000	15
		_SYSTEM_Initialize		CODE           	6748	0000	23

mcc_generated_files/mcc.c estimated size: 38

C:\Program Files (x86)\Microchip\xc8\v2.10\pic\sources\c99\common\isdigit.c
		_isdigit       		CODE           	6276	0000	59

C:\Program Files (x86)\Microchip\xc8\v2.10\pic\sources\c99\common\isdigit.c estimated size: 59

C:\Program Files (x86)\Microchip\xc8\v2.10\pic\sources\c99\common\aomod.c
		___aomod       		CODE           	4C82	0000	359

C:\Program Files (x86)\Microchip\xc8\v2.10\pic\sources\c99\common\aomod.c estimated size: 359

C:\Program Files (x86)\Microchip\xc8\v2.10\pic\sources\c99\common\abs.c
		_abs           		CODE           	6176	0000	67

C:\Program Files (x86)\Microchip\xc8\v2.10\pic\sources\c99\common\abs.c estimated size: 67

./KEYPAD.h
		_KBDwait       		CODE           	6478	0000	55
		_KBDwaitDoor   		CODE           	5E34	0000	87
		_KBDrd         		CODE           	4F4E	0000	341

./KEYPAD.h estimated size: 483

C:\Program Files (x86)\Microchip\xc8\v2.10\pic\sources\c99\common\Umul16.c
		___wmul        		CODE           	65BA	0000	41

C:\Program Files (x86)\Microchip\xc8\v2.10\pic\sources\c99\common\Umul16.c estimated size: 41

mcc_generated_files/memory.c
		_DATAEE_WriteByte		CODE           	605E	0000	71
		_DATAEE_ReadByte		CODE           	66E0	0000	27

mcc_generated_files/memory.c estimated size: 98

main.c
		_verModeProg   		CODE           	39D0	0000	545
		_borrarMem     		CODE           	54A6	0000	213
		_editDepto     		CODE           	00CA	0000	1657
		_main          		CODE           	6680	0000	33
		_EEslongrd     		CODE           	5FCE	0000	75
		_EEslongwr     		CODE           	62B0	0000	59
		_progCacc      		CODE           	24D4	0000	863
		_controlAcceso 		CODE           	41B4	0000	425
		_ingresar      		CODE           	499E	0000	375
		_checkMem      		CODE           	6398	0000	57
		_eqcpto        		CODE           	6592	0000	41
		_keyType       		CODE           	36FA	0000	727
		_progDepto     		CODE           	0DB8	0000	1347
		_modeTest      		CODE           	1CD0	0000	1027
		_modeProg      		CODE           	3E10	0000	493
		_getInfo       		CODE           	183C	0000	1173

main.c estimated size: 9110

C:\Program Files (x86)\Microchip\xc8\v2.10\pic\sources\c99\common\printf.c
		_printf        		CODE           	653E	0000	43

C:\Program Files (x86)\Microchip\xc8\v2.10\pic\sources\c99\common\printf.c estimated size: 43

C:\Program Files (x86)\Microchip\xc8\v2.10\pic\sources\c99\common\nf_fputc.c
		_fputc         		CODE           	57D0	0000	153

C:\Program Files (x86)\Microchip\xc8\v2.10\pic\sources\c99\common\nf_fputc.c estimated size: 153

